// Jest Snapshot v1, https://goo.gl/fbAQLP

exports[`Test token toggling state Verify token can be disabled 1`] = `
<div>
  <div
    class="root"
  >
    <div
      class="headerRoot"
    >
      <header
        class="header"
      >
        <p
          class="moonstone-typography moonstone-variant_title moonstone-weight_default"
        >
          translated_personal-api-tokens:title
        </p>
        <div
          class="actionBar"
        >
          <button
            class="moonstone-button moonstone-size_big moonstone-variant_default moonstone-color_accent moonstone-icon"
            type="button"
          >
            <svg
              class=" moonstone-icon moonstone-icon_default"
              fill="none"
              viewBox="0 0 24 24"
            >
              <path
                d="M19 13h-6v6h-2v-6H5v-2h6V5h2v6h6v2z"
                fill="currentColor"
              />
            </svg>
            <span
              class="moonstone-typography moonstone-variant_button moonstone-weight_semiBold flexFluid moonstone-nowrap moonstone-upperCase"
            >
              translated_personal-api-tokens:createToken.buttonTitle
            </span>
          </button>
        </div>
      </header>
    </div>
    <div
      class="content"
    >
      <div
        class="tokensTable"
      >
        <div
          class="table"
        >
          <table
            class="MuiTable-root-17"
          >
            <thead
              class="MuiTableHead-root-18"
            >
              <tr
                class="MuiTableRow-root-19 MuiTableRow-head-22"
              >
                <th
                  class="MuiTableCell-root-24 cellFont MuiTableCell-head-25"
                  scope="col"
                >
                  <span
                    class="MuiButtonBase-root-41 MuiTableSortLabel-root-36"
                    role="button"
                    tabindex="0"
                  >
                    <p
                      class="moonstone-typography moonstone-variant_body moonstone-weight_semiBold"
                    >
                      translated_personal-api-tokens:tokensList.name
                    </p>
                    <svg
                      aria-hidden="true"
                      class="MuiSvgIcon-root-44 MuiTableSortLabel-icon-38 icon MuiTableSortLabel-iconDirectionAsc-40"
                      focusable="false"
                      role="presentation"
                      viewBox="0 0 24 24"
                    >
                      <path
                        d="M20 12l-1.41-1.41L13 16.17V4h-2v12.17l-5.58-5.59L4 12l8 8 8-8z"
                      />
                    </svg>
                  </span>
                </th>
                <th
                  class="MuiTableCell-root-24 cellFont MuiTableCell-head-25"
                  scope="col"
                >
                  <span
                    class="MuiButtonBase-root-41 MuiTableSortLabel-root-36"
                    role="button"
                    tabindex="0"
                  >
                    <p
                      class="moonstone-typography moonstone-variant_body moonstone-weight_semiBold"
                    >
                      translated_personal-api-tokens:tokensList.key
                    </p>
                    <svg
                      aria-hidden="true"
                      class="MuiSvgIcon-root-44 MuiTableSortLabel-icon-38 icon MuiTableSortLabel-iconDirectionAsc-40"
                      focusable="false"
                      role="presentation"
                      viewBox="0 0 24 24"
                    >
                      <path
                        d="M20 12l-1.41-1.41L13 16.17V4h-2v12.17l-5.58-5.59L4 12l8 8 8-8z"
                      />
                    </svg>
                  </span>
                </th>
                <th
                  aria-sort="descending"
                  class="MuiTableCell-root-24 cellFont MuiTableCell-head-25"
                  scope="col"
                >
                  <span
                    class="MuiButtonBase-root-41 MuiTableSortLabel-root-36 MuiTableSortLabel-active-37"
                    role="button"
                    tabindex="0"
                  >
                    <p
                      class="moonstone-typography moonstone-variant_body moonstone-weight_semiBold"
                    >
                      translated_personal-api-tokens:tokensList.addedOn
                    </p>
                    <svg
                      aria-hidden="true"
                      class="MuiSvgIcon-root-44 MuiTableSortLabel-icon-38 iconActive MuiTableSortLabel-iconDirectionDesc-39"
                      focusable="false"
                      role="presentation"
                      viewBox="0 0 24 24"
                    >
                      <path
                        d="M20 12l-1.41-1.41L13 16.17V4h-2v12.17l-5.58-5.59L4 12l8 8 8-8z"
                      />
                    </svg>
                  </span>
                </th>
                <th
                  class="MuiTableCell-root-24 cellFont MuiTableCell-head-25"
                  scope="col"
                >
                  <span
                    class="MuiButtonBase-root-41 MuiTableSortLabel-root-36"
                    role="button"
                    tabindex="0"
                  >
                    <p
                      class="moonstone-typography moonstone-variant_body moonstone-weight_semiBold"
                    >
                      translated_personal-api-tokens:tokensList.expiration
                    </p>
                    <svg
                      aria-hidden="true"
                      class="MuiSvgIcon-root-44 MuiTableSortLabel-icon-38 icon MuiTableSortLabel-iconDirectionAsc-40"
                      focusable="false"
                      role="presentation"
                      viewBox="0 0 24 24"
                    >
                      <path
                        d="M20 12l-1.41-1.41L13 16.17V4h-2v12.17l-5.58-5.59L4 12l8 8 8-8z"
                      />
                    </svg>
                  </span>
                </th>
                <th
                  class="MuiTableCell-root-24 cellFont MuiTableCell-head-25"
                  scope="col"
                >
                  <span
                    class="MuiButtonBase-root-41 MuiTableSortLabel-root-36"
                    role="button"
                    tabindex="0"
                  >
                    <p
                      class="moonstone-typography moonstone-variant_body moonstone-weight_semiBold"
                    >
                      translated_personal-api-tokens:tokensList.status
                    </p>
                    <svg
                      aria-hidden="true"
                      class="MuiSvgIcon-root-44 MuiTableSortLabel-icon-38 icon MuiTableSortLabel-iconDirectionAsc-40"
                      focusable="false"
                      role="presentation"
                      viewBox="0 0 24 24"
                    >
                      <path
                        d="M20 12l-1.41-1.41L13 16.17V4h-2v12.17l-5.58-5.59L4 12l8 8 8-8z"
                      />
                    </svg>
                  </span>
                </th>
                <th
                  class="MuiTableCell-root-24 cellFont MuiTableCell-head-25"
                  scope="col"
                >
                  <p
                    class="moonstone-typography moonstone-variant_body moonstone-weight_semiBold"
                  >
                    translated_personal-api-tokens:tokensList.actions
                  </p>
                </th>
              </tr>
            </thead>
            <tbody
              class="MuiTableBody-root-53"
            >
              <tr
                class="MuiTableRow-root-19"
              >
                <td
                  class="MuiTableCell-root-24 MuiTableCell-body-26"
                >
                  <p
                    class="moonstone-typography moonstone-variant_body moonstone-weight_default"
                  >
                    TestToken
                  </p>
                </td>
                <td
                  class="MuiTableCell-root-24 MuiTableCell-body-26"
                >
                  <p
                    class="moonstone-typography moonstone-variant_body moonstone-weight_default"
                  >
                    1b8c8b06-c9bd-4314-a981-68c8e2fe1d3a
                  </p>
                </td>
                <td
                  class="MuiTableCell-root-24 MuiTableCell-body-26"
                >
                  <p
                    class="moonstone-typography moonstone-variant_body moonstone-weight_default"
                  >
                    <time
                      datetime="1605041886808"
                    >
                      Nov 10th 2020
                    </time>
                  </p>
                </td>
                <td
                  class="MuiTableCell-root-24 MuiTableCell-body-26"
                >
                  <p
                    class="moonstone-typography moonstone-variant_body moonstone-weight_default"
                  >
                    <time
                      datetime="1605128243762"
                    >
                      11/11/2020
                    </time>
                  </p>
                </td>
                <td
                  class="MuiTableCell-root-24 MuiTableCell-body-26"
                >
                  <div
                    class="moonstone-chip moonstone-color_success"
                  >
                    <span
                      class="moonstone-typography moonstone-variant_caption moonstone-weight_semiBold moonstone-nowrap"
                    >
                      ACTIVE
                    </span>
                  </div>
                </td>
                <td
                  class="MuiTableCell-root-24 MuiTableCell-body-26"
                >
                  <div
                    class="flexRow"
                  >
                    <button
                      class="moonstone-button moonstone-size_default moonstone-variant_outlined moonstone-color_danger"
                      type="button"
                    >
                      <span
                        class="moonstone-typography moonstone-variant_button moonstone-weight_default flexFluid moonstone-nowrap"
                      >
                        translated_personal-api-tokens:delete
                      </span>
                    </button>
                    <button
                      class="moonstone-button moonstone-size_default moonstone-variant_ghost moonstone-color_default moonstone-icon-button"
                      type="button"
                    >
                      <svg
                        class=" moonstone-icon moonstone-icon_default"
                        fill="none"
                        viewBox="0 0 24 24"
                      >
                        <path
                          d="M12 8c1.1 0 2-.9 2-2s-.9-2-2-2-2 .9-2 2 .9 2 2 2zm0 2c-1.1 0-2 .9-2 2s.9 2 2 2 2-.9 2-2-.9-2-2-2zm0 6c-1.1 0-2 .9-2 2s.9 2 2 2 2-.9 2-2-.9-2-2-2z"
                          fill="currentColor"
                        />
                      </svg>
                      
                    </button>
                  </div>
                  <menu
                    class="moonstone-menu"
                    style="top: 0px; left: 0px;"
                  >
                    <li
                      aria-disabled="false"
                      class="moonstone-menuItem moonstone-title moonstone-listItem flexRow alignCenter"
                      variant="title"
                    >
                      <span
                        class="moonstone-typography moonstone-variant_caption moonstone-weight_default flexFluid moonstone-nowrap"
                      >
                        translated_personal-api-tokens:tokensList.moreActions
                      </span>
                    </li>
                    <li
                      aria-disabled="false"
                      class="moonstone-menuItem remove moonstone-listItem flexRow alignCenter"
                      tabindex="0"
                    >
                      <span
                        class="moonstone-typography moonstone-variant_caption moonstone-weight_default flexFluid moonstone-nowrap"
                      >
                        translated_personal-api-tokens:tokensList.deactivate
                      </span>
                    </li>
                  </menu>
                  <div
                    aria-hidden="true"
                    class="moonstone-menu_overlay"
                  />
                </td>
              </tr>
              <tr
                class="MuiTableRow-root-19"
              >
                <td
                  class="MuiTableCell-root-24 MuiTableCell-body-26"
                >
                  <p
                    class="moonstone-typography moonstone-variant_body moonstone-weight_default"
                  >
                    Yurec
                  </p>
                </td>
                <td
                  class="MuiTableCell-root-24 MuiTableCell-body-26"
                >
                  <p
                    class="moonstone-typography moonstone-variant_body moonstone-weight_default"
                  >
                    e2c6c788-a685-4d0e-a687-bfff9f3af5cc
                  </p>
                </td>
                <td
                  class="MuiTableCell-root-24 MuiTableCell-body-26"
                >
                  <p
                    class="moonstone-typography moonstone-variant_body moonstone-weight_default"
                  >
                    <time
                      datetime="1605041087800"
                    >
                      Nov 10th 2020
                    </time>
                  </p>
                </td>
                <td
                  class="MuiTableCell-root-24 MuiTableCell-body-26"
                >
                  <p
                    class="moonstone-typography moonstone-variant_body moonstone-weight_default"
                  >
                    <time
                      datetime="1605127476353"
                    >
                      11/11/2020
                    </time>
                  </p>
                </td>
                <td
                  class="MuiTableCell-root-24 MuiTableCell-body-26"
                >
                  <div
                    class="moonstone-chip moonstone-color_success"
                  >
                    <span
                      class="moonstone-typography moonstone-variant_caption moonstone-weight_semiBold moonstone-nowrap"
                    >
                      ACTIVE
                    </span>
                  </div>
                </td>
                <td
                  class="MuiTableCell-root-24 MuiTableCell-body-26"
                >
                  <div
                    class="flexRow"
                  >
                    <button
                      class="moonstone-button moonstone-size_default moonstone-variant_outlined moonstone-color_danger"
                      type="button"
                    >
                      <span
                        class="moonstone-typography moonstone-variant_button moonstone-weight_default flexFluid moonstone-nowrap"
                      >
                        translated_personal-api-tokens:delete
                      </span>
                    </button>
                    <button
                      class="moonstone-button moonstone-size_default moonstone-variant_ghost moonstone-color_default moonstone-icon-button"
                      type="button"
                    >
                      <svg
                        class=" moonstone-icon moonstone-icon_default"
                        fill="none"
                        viewBox="0 0 24 24"
                      >
                        <path
                          d="M12 8c1.1 0 2-.9 2-2s-.9-2-2-2-2 .9-2 2 .9 2 2 2zm0 2c-1.1 0-2 .9-2 2s.9 2 2 2 2-.9 2-2-.9-2-2-2zm0 6c-1.1 0-2 .9-2 2s.9 2 2 2 2-.9 2-2-.9-2-2-2z"
                          fill="currentColor"
                        />
                      </svg>
                      
                    </button>
                  </div>
                  <menu
                    class="moonstone-menu moonstone-hidden"
                    style="top: -1000px; left: -1000px;"
                  >
                    <li
                      aria-disabled="false"
                      class="moonstone-menuItem moonstone-title moonstone-listItem flexRow alignCenter"
                      variant="title"
                    >
                      <span
                        class="moonstone-typography moonstone-variant_caption moonstone-weight_default flexFluid moonstone-nowrap"
                      >
                        translated_personal-api-tokens:tokensList.moreActions
                      </span>
                    </li>
                    <li
                      aria-disabled="false"
                      class="moonstone-menuItem remove moonstone-listItem flexRow alignCenter"
                      tabindex="0"
                    >
                      <span
                        class="moonstone-typography moonstone-variant_caption moonstone-weight_default flexFluid moonstone-nowrap"
                      >
                        translated_personal-api-tokens:tokensList.deactivate
                      </span>
                    </li>
                  </menu>
                </td>
              </tr>
              <tr
                class="MuiTableRow-root-19"
              >
                <td
                  class="MuiTableCell-root-24 MuiTableCell-body-26"
                >
                  <p
                    class="moonstone-typography moonstone-variant_body moonstone-weight_default"
                  >
                    Super Token
                  </p>
                </td>
                <td
                  class="MuiTableCell-root-24 MuiTableCell-body-26"
                >
                  <p
                    class="moonstone-typography moonstone-variant_body moonstone-weight_default"
                  >
                    46569c17-d953-4ede-a0c3-329e5bc8a61f
                  </p>
                </td>
                <td
                  class="MuiTableCell-root-24 MuiTableCell-body-26"
                >
                  <p
                    class="moonstone-typography moonstone-variant_body moonstone-weight_default"
                  >
                    <time
                      datetime="1605041838036"
                    >
                      Nov 10th 2020
                    </time>
                  </p>
                </td>
                <td
                  class="MuiTableCell-root-24 MuiTableCell-body-26"
                >
                  <p
                    class="moonstone-typography moonstone-variant_body moonstone-weight_default"
                  >
                    <time
                      datetime="1605128222048"
                    >
                      11/11/2020
                    </time>
                  </p>
                </td>
                <td
                  class="MuiTableCell-root-24 MuiTableCell-body-26"
                >
                  <div
                    class="moonstone-chip moonstone-color_success"
                  >
                    <span
                      class="moonstone-typography moonstone-variant_caption moonstone-weight_semiBold moonstone-nowrap"
                    >
                      ACTIVE
                    </span>
                  </div>
                </td>
                <td
                  class="MuiTableCell-root-24 MuiTableCell-body-26"
                >
                  <div
                    class="flexRow"
                  >
                    <button
                      class="moonstone-button moonstone-size_default moonstone-variant_outlined moonstone-color_danger"
                      type="button"
                    >
                      <span
                        class="moonstone-typography moonstone-variant_button moonstone-weight_default flexFluid moonstone-nowrap"
                      >
                        translated_personal-api-tokens:delete
                      </span>
                    </button>
                    <button
                      class="moonstone-button moonstone-size_default moonstone-variant_ghost moonstone-color_default moonstone-icon-button"
                      type="button"
                    >
                      <svg
                        class=" moonstone-icon moonstone-icon_default"
                        fill="none"
                        viewBox="0 0 24 24"
                      >
                        <path
                          d="M12 8c1.1 0 2-.9 2-2s-.9-2-2-2-2 .9-2 2 .9 2 2 2zm0 2c-1.1 0-2 .9-2 2s.9 2 2 2 2-.9 2-2-.9-2-2-2zm0 6c-1.1 0-2 .9-2 2s.9 2 2 2 2-.9 2-2-.9-2-2-2z"
                          fill="currentColor"
                        />
                      </svg>
                      
                    </button>
                  </div>
                  <menu
                    class="moonstone-menu moonstone-hidden"
                    style="top: -1000px; left: -1000px;"
                  >
                    <li
                      aria-disabled="false"
                      class="moonstone-menuItem moonstone-title moonstone-listItem flexRow alignCenter"
                      variant="title"
                    >
                      <span
                        class="moonstone-typography moonstone-variant_caption moonstone-weight_default flexFluid moonstone-nowrap"
                      >
                        translated_personal-api-tokens:tokensList.moreActions
                      </span>
                    </li>
                    <li
                      aria-disabled="false"
                      class="moonstone-menuItem remove moonstone-listItem flexRow alignCenter"
                      tabindex="0"
                    >
                      <span
                        class="moonstone-typography moonstone-variant_caption moonstone-weight_default flexFluid moonstone-nowrap"
                      >
                        translated_personal-api-tokens:tokensList.deactivate
                      </span>
                    </li>
                  </menu>
                </td>
              </tr>
              <tr
                class="MuiTableRow-root-19"
              >
                <td
                  class="MuiTableCell-root-24 MuiTableCell-body-26"
                >
                  <p
                    class="moonstone-typography moonstone-variant_body moonstone-weight_default"
                  >
                    ghfghfghfghf
                  </p>
                </td>
                <td
                  class="MuiTableCell-root-24 MuiTableCell-body-26"
                >
                  <p
                    class="moonstone-typography moonstone-variant_body moonstone-weight_default"
                  >
                    0f5cd483-3e0b-4b0c-87ea-1c13f3b358b2
                  </p>
                </td>
                <td
                  class="MuiTableCell-root-24 MuiTableCell-body-26"
                >
                  <p
                    class="moonstone-typography moonstone-variant_body moonstone-weight_default"
                  >
                    <time
                      datetime="1604942550831"
                    >
                      Nov 9th 2020
                    </time>
                  </p>
                </td>
                <td
                  class="MuiTableCell-root-24 MuiTableCell-body-26"
                >
                  <p
                    class="moonstone-typography moonstone-variant_body moonstone-weight_default"
                  >
                    <time
                      datetime="1605028946685"
                    >
                      11/10/2020
                    </time>
                  </p>
                </td>
                <td
                  class="MuiTableCell-root-24 MuiTableCell-body-26"
                >
                  <div
                    class="moonstone-chip moonstone-color_success"
                  >
                    <span
                      class="moonstone-typography moonstone-variant_caption moonstone-weight_semiBold moonstone-nowrap"
                    >
                      ACTIVE
                    </span>
                  </div>
                </td>
                <td
                  class="MuiTableCell-root-24 MuiTableCell-body-26"
                >
                  <div
                    class="flexRow"
                  >
                    <button
                      class="moonstone-button moonstone-size_default moonstone-variant_outlined moonstone-color_danger"
                      type="button"
                    >
                      <span
                        class="moonstone-typography moonstone-variant_button moonstone-weight_default flexFluid moonstone-nowrap"
                      >
                        translated_personal-api-tokens:delete
                      </span>
                    </button>
                    <button
                      class="moonstone-button moonstone-size_default moonstone-variant_ghost moonstone-color_default moonstone-icon-button"
                      type="button"
                    >
                      <svg
                        class=" moonstone-icon moonstone-icon_default"
                        fill="none"
                        viewBox="0 0 24 24"
                      >
                        <path
                          d="M12 8c1.1 0 2-.9 2-2s-.9-2-2-2-2 .9-2 2 .9 2 2 2zm0 2c-1.1 0-2 .9-2 2s.9 2 2 2 2-.9 2-2-.9-2-2-2zm0 6c-1.1 0-2 .9-2 2s.9 2 2 2 2-.9 2-2-.9-2-2-2z"
                          fill="currentColor"
                        />
                      </svg>
                      
                    </button>
                  </div>
                  <menu
                    class="moonstone-menu moonstone-hidden"
                    style="top: -1000px; left: -1000px;"
                  >
                    <li
                      aria-disabled="false"
                      class="moonstone-menuItem moonstone-title moonstone-listItem flexRow alignCenter"
                      variant="title"
                    >
                      <span
                        class="moonstone-typography moonstone-variant_caption moonstone-weight_default flexFluid moonstone-nowrap"
                      >
                        translated_personal-api-tokens:tokensList.moreActions
                      </span>
                    </li>
                    <li
                      aria-disabled="false"
                      class="moonstone-menuItem remove moonstone-listItem flexRow alignCenter"
                      tabindex="0"
                    >
                      <span
                        class="moonstone-typography moonstone-variant_caption moonstone-weight_default flexFluid moonstone-nowrap"
                      >
                        translated_personal-api-tokens:tokensList.deactivate
                      </span>
                    </li>
                  </menu>
                </td>
              </tr>
              <tr
                class="MuiTableRow-root-19"
              >
                <td
                  class="MuiTableCell-root-24 MuiTableCell-body-26"
                >
                  <p
                    class="moonstone-typography moonstone-variant_body moonstone-weight_default"
                  >
                    Anton
                  </p>
                </td>
                <td
                  class="MuiTableCell-root-24 MuiTableCell-body-26"
                >
                  <p
                    class="moonstone-typography moonstone-variant_body moonstone-weight_default"
                  >
                    1f4f0233-26fc-4b34-bc7f-b3fcca9a9f5b
                  </p>
                </td>
                <td
                  class="MuiTableCell-root-24 MuiTableCell-body-26"
                >
                  <p
                    class="moonstone-typography moonstone-variant_body moonstone-weight_default"
                  >
                    <time
                      datetime="1604941216624"
                    >
                      Nov 9th 2020
                    </time>
                  </p>
                </td>
                <td
                  class="MuiTableCell-root-24 MuiTableCell-body-26"
                >
                  <p
                    class="moonstone-typography moonstone-variant_body moonstone-weight_default"
                  >
                    <time
                      datetime="1605027467827"
                    >
                      11/10/2020
                    </time>
                  </p>
                </td>
                <td
                  class="MuiTableCell-root-24 MuiTableCell-body-26"
                >
                  <div
                    class="moonstone-chip moonstone-color_success"
                  >
                    <span
                      class="moonstone-typography moonstone-variant_caption moonstone-weight_semiBold moonstone-nowrap"
                    >
                      ACTIVE
                    </span>
                  </div>
                </td>
                <td
                  class="MuiTableCell-root-24 MuiTableCell-body-26"
                >
                  <div
                    class="flexRow"
                  >
                    <button
                      class="moonstone-button moonstone-size_default moonstone-variant_outlined moonstone-color_danger"
                      type="button"
                    >
                      <span
                        class="moonstone-typography moonstone-variant_button moonstone-weight_default flexFluid moonstone-nowrap"
                      >
                        translated_personal-api-tokens:delete
                      </span>
                    </button>
                    <button
                      class="moonstone-button moonstone-size_default moonstone-variant_ghost moonstone-color_default moonstone-icon-button"
                      type="button"
                    >
                      <svg
                        class=" moonstone-icon moonstone-icon_default"
                        fill="none"
                        viewBox="0 0 24 24"
                      >
                        <path
                          d="M12 8c1.1 0 2-.9 2-2s-.9-2-2-2-2 .9-2 2 .9 2 2 2zm0 2c-1.1 0-2 .9-2 2s.9 2 2 2 2-.9 2-2-.9-2-2-2zm0 6c-1.1 0-2 .9-2 2s.9 2 2 2 2-.9 2-2-.9-2-2-2z"
                          fill="currentColor"
                        />
                      </svg>
                      
                    </button>
                  </div>
                  <menu
                    class="moonstone-menu moonstone-hidden"
                    style="top: -1000px; left: -1000px;"
                  >
                    <li
                      aria-disabled="false"
                      class="moonstone-menuItem moonstone-title moonstone-listItem flexRow alignCenter"
                      variant="title"
                    >
                      <span
                        class="moonstone-typography moonstone-variant_caption moonstone-weight_default flexFluid moonstone-nowrap"
                      >
                        translated_personal-api-tokens:tokensList.moreActions
                      </span>
                    </li>
                    <li
                      aria-disabled="false"
                      class="moonstone-menuItem remove moonstone-listItem flexRow alignCenter"
                      tabindex="0"
                    >
                      <span
                        class="moonstone-typography moonstone-variant_caption moonstone-weight_default flexFluid moonstone-nowrap"
                      >
                        translated_personal-api-tokens:tokensList.deactivate
                      </span>
                    </li>
                  </menu>
                </td>
              </tr>
            </tbody>
          </table>
        </div>
        <table
          class="MuiTable-root-17"
        >
          <tfoot
            class="MuiTableFooter-root-54"
          >
            <tr
              class="MuiTableRow-root-19 MuiTableRow-footer-23"
            >
              <td
                class="MuiTableCell-root-24 MuiTableCell-footer-27 MuiTablePagination-root-55"
                colspan="1000"
                data-jrm-role="table-pagination"
              >
                <div
                  class="MuiToolbar-root-65 MuiToolbar-regular-67 MuiToolbar-gutters-66 MuiTablePagination-toolbar-56"
                >
                  <div
                    class="MuiTablePagination-spacer-57"
                  />
                  <span
                    class="MuiTypography-root-69 MuiTypography-caption-79 MuiTypography-colorInherit-98 MuiTablePagination-caption-58"
                  >
                    translated_personal-api-tokens:tokensList.pagination.rowsPerPage
                  </span>
                  <div
                    class="MuiInputBase-root-112 MuiTablePagination-input-62"
                  >
                    <div
                      class="MuiSelect-root-105 MuiTablePagination-selectRoot-59"
                    >
                      <div
                        aria-haspopup="true"
                        aria-pressed="false"
                        class="MuiSelect-select-106 MuiTablePagination-select-60 MuiSelect-selectMenu-109 MuiInputBase-input-122"
                        role="button"
                        tabindex="0"
                      >
                        25
                      </div>
                      <input
                        type="hidden"
                        value="25"
                      />
                      <svg
                        aria-hidden="true"
                        class="MuiSvgIcon-root-44 MuiSelect-icon-111 MuiTablePagination-selectIcon-61"
                        focusable="false"
                        role="presentation"
                        viewBox="0 0 24 24"
                      >
                        <path
                          d="M7 10l5 5 5-5z"
                        />
                      </svg>
                    </div>
                  </div>
                  <span
                    class="MuiTypography-root-69 MuiTypography-caption-79 MuiTypography-colorInherit-98 MuiTablePagination-caption-58"
                  >
                    1-25 translated_personal-api-tokens:tokensList.pagination.of 31
                  </span>
                  <div
                    class="paginationActions"
                  >
                    <button
                      aria-label="First Page"
                      class="MuiButtonBase-root-41 MuiButtonBase-disabled-42 MuiIconButton-root-131 MuiIconButton-disabled-135"
                      data-jrm-role="table-pagination-button-first-page"
                      disabled=""
                      tabindex="-1"
                      type="button"
                    >
                      <span
                        class="MuiIconButton-label-136"
                      >
                        <svg
                          aria-hidden="true"
                          class="MuiSvgIcon-root-44"
                          focusable="false"
                          role="presentation"
                          viewBox="0 0 24 24"
                        >
                          <path
                            d="M18.41 16.59L13.82 12l4.59-4.59L17 6l-6 6 6 6zM6 6h2v12H6z"
                          />
                          <path
                            d="M24 24H0V0h24v24z"
                            fill="none"
                          />
                        </svg>
                      </span>
                    </button>
                    <button
                      aria-label="Previous Page"
                      class="MuiButtonBase-root-41 MuiButtonBase-disabled-42 MuiIconButton-root-131 MuiIconButton-disabled-135"
                      disabled=""
                      tabindex="-1"
                      type="button"
                    >
                      <span
                        class="MuiIconButton-label-136"
                      >
                        <svg
                          aria-hidden="true"
                          class="MuiSvgIcon-root-44"
                          focusable="false"
                          role="presentation"
                          viewBox="0 0 24 24"
                        >
                          <path
                            d="M15.41 16.59L10.83 12l4.58-4.59L14 6l-6 6 6 6 1.41-1.41z"
                          />
                          <path
                            d="M0 0h24v24H0V0z"
                            fill="none"
                          />
                        </svg>
                      </span>
                    </button>
                    <button
                      aria-label="Next Page"
                      class="MuiButtonBase-root-41 MuiIconButton-root-131"
                      data-jrm-role="table-pagination-button-next-page"
                      tabindex="0"
                      type="button"
                    >
                      <span
                        class="MuiIconButton-label-136"
                      >
                        <svg
                          aria-hidden="true"
                          class="MuiSvgIcon-root-44"
                          focusable="false"
                          role="presentation"
                          viewBox="0 0 24 24"
                        >
                          <path
                            d="M8.59 16.59L13.17 12 8.59 7.41 10 6l6 6-6 6-1.41-1.41z"
                          />
                          <path
                            d="M0 0h24v24H0V0z"
                            fill="none"
                          />
                        </svg>
                      </span>
                      <span
                        class="MuiTouchRipple-root-137"
                      />
                    </button>
                    <button
                      aria-label="Last Page"
                      class="MuiButtonBase-root-41 MuiIconButton-root-131"
                      tabindex="0"
                      type="button"
                    >
                      <span
                        class="MuiIconButton-label-136"
                      >
                        <svg
                          aria-hidden="true"
                          class="MuiSvgIcon-root-44"
                          focusable="false"
                          role="presentation"
                          viewBox="0 0 24 24"
                        >
                          <path
                            d="M5.59 7.41L10.18 12l-4.59 4.59L7 18l6-6-6-6zM16 6h2v12h-2z"
                          />
                          <path
                            d="M0 0h24v24H0V0z"
                            fill="none"
                          />
                        </svg>
                      </span>
                      <span
                        class="MuiTouchRipple-root-137"
                      />
                    </button>
                  </div>
                </div>
              </td>
            </tr>
          </tfoot>
        </table>
      </div>
    </div>
  </div>
</div>
`;
